// Jest Snapshot v1, https://goo.gl/fbAQLP

exports[`<InfoBox /> Should render and match the snapshot 1`] = `
<div
  class="info-box"
>
  <div>
    <span>
      Speak out. Be heard
    </span>
    <b>
      Be counted
    </b>
  </div>
  <div>
    Rule of Thumb is a crowd sourced court of public opinion where anyone and everyone can speak out and speak freely. It's easy: You share your opinion, we analyze and put the data in a public report.
  </div>
  <button>
    âœ•
  </button>
</div>
`;
